../Core/Src/main.c:74:13:ma_init	24	static
../Core/Src/main.c:81:17:ma_filter	16	static
../Core/Src/main.c:90:13:csv_flush	16	static
../Core/Src/main.c:98:13:csv_write_gps	136	static
../Core/Src/main.c:114:13:gps_parse_gprmc	216	static
../Core/Src/main.c:137:5:main	584	static
../Core/Src/main.c:237:6:HAL_ADC_ConvCpltCallback	16	static
../Core/Src/main.c:242:6:HAL_UART_RxCpltCallback	24	static
../Core/Src/main.c:261:13:MX_SPI1_Init	32	static
../Core/Src/main.c:284:13:MX_TIM2_Init	24	static
../Core/Src/main.c:298:13:MX_ADC1_Init	48	static
../Core/Src/main.c:327:13:MX_DMA_Init	16	static
../Core/Src/main.c:334:13:MX_USART2_UART_Init	8	static
../Core/Src/main.c:349:13:MX_GPIO_Init	48	static
../Core/Src/main.c:387:6:SystemClock_Config	96	static
../Core/Src/main.c:409:6:Error_Handler	4	static,ignoring_inline_asm
